127.0.0.1 - - [16/Jul/2018:12:33:19 +0900] "GET / HTTP/1.1" 404 1074
0:0:0:0:0:0:0:1 - - [16/Jul/2018:12:33:20 +0900] "GET /WEB/Hello.html HTTP/1.1" 200 166
0:0:0:0:0:0:0:1 - - [16/Jul/2018:12:33:32 +0900] "GET /WEB/Hello.html HTTP/1.1" 304 -
0:0:0:0:0:0:0:1 - - [16/Jul/2018:12:33:53 +0900] "GET /WEB/Hello.html HTTP/1.1" 200 166
0:0:0:0:0:0:0:1 - - [16/Jul/2018:12:34:04 +0900] "GET /WEB/Hello.html HTTP/1.1" 304 -
0:0:0:0:0:0:0:1 - - [16/Jul/2018:12:34:10 +0900] "GET /WEB/Hello.html HTTP/1.1" 304 -
0:0:0:0:0:0:0:1 - - [16/Jul/2018:12:39:02 +0900] "GET /WEB/Welcome.html HTTP/1.1" 200 126
0:0:0:0:0:0:0:1 - - [16/Jul/2018:12:39:33 +0900] "GET /WEB/Welcome.html HTTP/1.1" 200 153
0:0:0:0:0:0:0:1 - - [16/Jul/2018:12:46:21 +0900] "GET /WEB/hello.do HTTP/1.1" 404 1090
127.0.0.1 - - [16/Jul/2018:12:47:09 +0900] "GET / HTTP/1.1" 404 1074
0:0:0:0:0:0:0:1 - - [16/Jul/2018:12:47:10 +0900] "GET /WEB/hello.do HTTP/1.1" 404 1090
127.0.0.1 - - [16/Jul/2018:12:48:06 +0900] "GET / HTTP/1.1" 404 1074
0:0:0:0:0:0:0:1 - - [16/Jul/2018:12:48:06 +0900] "GET /WEB/hello.do HTTP/1.1" 200 -
0:0:0:0:0:0:0:1 - - [16/Jul/2018:12:48:38 +0900] "GET /WEB/hello.do HTTP/1.1" 200 -
127.0.0.1 - - [16/Jul/2018:12:56:32 +0900] "GET / HTTP/1.1" 404 1074
0:0:0:0:0:0:0:1 - - [16/Jul/2018:12:56:32 +0900] "GET /WEB/hello.do HTTP/1.1" 200 117
0:0:0:0:0:0:0:1 - - [16/Jul/2018:12:56:41 +0900] "GET /WEB/hello.do HTTP/1.1" 200 117
0:0:0:0:0:0:0:1 - - [16/Jul/2018:12:56:44 +0900] "GET /WEB/hello.do HTTP/1.1" 200 117
0:0:0:0:0:0:0:1 - - [16/Jul/2018:12:56:44 +0900] "GET /favicon.ico HTTP/1.1" 404 1085
127.0.0.1 - - [16/Jul/2018:12:57:41 +0900] "GET / HTTP/1.1" 404 1074
0:0:0:0:0:0:0:1 - - [16/Jul/2018:12:57:41 +0900] "GET /WEB/hello.do HTTP/1.1" 200 117
127.0.0.1 - - [16/Jul/2018:12:58:12 +0900] "GET / HTTP/1.1" 404 1074
0:0:0:0:0:0:0:1 - - [16/Jul/2018:12:58:12 +0900] "GET /WEB/hello.do HTTP/1.1" 200 111
0:0:0:0:0:0:0:1 - - [16/Jul/2018:12:59:07 +0900] "GET /WEB/hello.do HTTP/1.1" 200 111
127.0.0.1 - - [16/Jul/2018:13:00:51 +0900] "GET / HTTP/1.1" 404 1074
0:0:0:0:0:0:0:1 - - [16/Jul/2018:13:00:51 +0900] "GET /WEB/hello.do HTTP/1.1" 200 2463
127.0.0.1 - - [16/Jul/2018:13:02:36 +0900] "GET / HTTP/1.1" 404 1074
0:0:0:0:0:0:0:1 - - [16/Jul/2018:13:02:36 +0900] "GET /WEB/hello.do HTTP/1.1" 200 2289
192.168.0.2 - - [16/Jul/2018:13:05:40 +0900] "GET /WEB/hello.do HTTP/1.1" 200 2289
192.168.0.2 - - [16/Jul/2018:13:05:40 +0900] "GET /favicon.ico HTTP/1.1" 404 1085
127.0.0.1 - - [16/Jul/2018:13:12:10 +0900] "GET / HTTP/1.1" 404 1074
0:0:0:0:0:0:0:1 - - [16/Jul/2018:13:12:10 +0900] "GET /WEB/welcome.do HTTP/1.1" 200 11
127.0.0.1 - - [16/Jul/2018:13:12:48 +0900] "GET / HTTP/1.1" 404 1074
0:0:0:0:0:0:0:1 - - [16/Jul/2018:13:12:48 +0900] "GET /WEB/welcome.do HTTP/1.1" 200 20
127.0.0.1 - - [16/Jul/2018:13:19:33 +0900] "GET / HTTP/1.1" 404 1074
0:0:0:0:0:0:0:1 - - [16/Jul/2018:13:19:33 +0900] "GET /WEB/welcome.do HTTP/1.1" 200 244
0:0:0:0:0:0:0:1 - - [16/Jul/2018:13:22:05 +0900] "GET /WEB/welcome.do HTTP/1.1" 200 244
127.0.0.1 - - [16/Jul/2018:13:22:45 +0900] "GET / HTTP/1.1" 404 1074
0:0:0:0:0:0:0:1 - - [16/Jul/2018:13:22:46 +0900] "GET /WEB/welcome.do HTTP/1.1" 200 298
127.0.0.1 - - [16/Jul/2018:14:38:39 +0900] "GET / HTTP/1.1" 404 1074
0:0:0:0:0:0:0:1 - - [16/Jul/2018:14:38:39 +0900] "GET /WEB/my.do HTTP/1.1" 200 99
127.0.0.1 - - [16/Jul/2018:15:13:45 +0900] "GET / HTTP/1.1" 404 1074
0:0:0:0:0:0:0:1 - - [16/Jul/2018:15:13:46 +0900] "GET /WEB/my2.do HTTP/1.1" 200 107
0:0:0:0:0:0:0:1 - - [16/Jul/2018:15:13:47 +0900] "GET /favicon.ico HTTP/1.1" 404 1085
127.0.0.1 - - [16/Jul/2018:15:14:06 +0900] "GET / HTTP/1.1" 404 1074
0:0:0:0:0:0:0:1 - - [16/Jul/2018:15:14:06 +0900] "GET /WEB/my2.do HTTP/1.1" 200 134
127.0.0.1 - - [16/Jul/2018:16:04:18 +0900] "GET / HTTP/1.1" 404 1074
0:0:0:0:0:0:0:1 - - [16/Jul/2018:16:04:29 +0900] "GET /WEB/WEB-INF/web.xml HTTP/1.1" 404 1047
0:0:0:0:0:0:0:1 - - [16/Jul/2018:16:04:33 +0900] "GET / HTTP/1.1" 404 1074
0:0:0:0:0:0:0:1 - - [16/Jul/2018:16:04:47 +0900] "GET /web/my2.do HTTP/1.1" 404 1088
0:0:0:0:0:0:0:1 - - [16/Jul/2018:16:04:56 +0900] "GET /WEB/my2.do HTTP/1.1" 200 134
127.0.0.1 - - [16/Jul/2018:16:05:33 +0900] "GET / HTTP/1.1" 404 1074
0:0:0:0:0:0:0:1 - - [16/Jul/2018:16:05:33 +0900] "GET /WEB/WEB-INF/web.xml HTTP/1.1" 404 1047
0:0:0:0:0:0:0:1 - - [16/Jul/2018:16:05:39 +0900] "GET /WEB/my2.do HTTP/1.1" 200 134
0:0:0:0:0:0:0:1 - - [16/Jul/2018:16:05:45 +0900] "GET /WEB/my2.do HTTP/1.1" 200 134
0:0:0:0:0:0:0:1 - - [16/Jul/2018:16:05:50 +0900] "GET /WEB/my2.do HTTP/1.1" 200 134
127.0.0.1 - - [16/Jul/2018:16:06:32 +0900] "GET / HTTP/1.1" 404 1074
0:0:0:0:0:0:0:1 - - [16/Jul/2018:16:06:37 +0900] "GET /WEB/my2.do HTTP/1.1" 200 134
0:0:0:0:0:0:0:1 - - [16/Jul/2018:16:06:45 +0900] "GET /web/my2.do HTTP/1.1" 404 1088
0:0:0:0:0:0:0:1 - - [16/Jul/2018:16:06:47 +0900] "GET /web/my2.do HTTP/1.1" 404 1088
127.0.0.1 - - [16/Jul/2018:16:12:39 +0900] "GET / HTTP/1.1" 404 1074
0:0:0:0:0:0:0:1 - - [16/Jul/2018:16:12:46 +0900] "GET /WEB/my2.do HTTP/1.1" 200 134
127.0.0.1 - - [16/Jul/2018:16:14:14 +0900] "GET / HTTP/1.1" 404 1074
0:0:0:0:0:0:0:1 - - [16/Jul/2018:16:14:15 +0900] "GET /WEB/gugudan.do HTTP/1.1" 200 51
127.0.0.1 - - [16/Jul/2018:16:14:49 +0900] "GET / HTTP/1.1" 404 1074
0:0:0:0:0:0:0:1 - - [16/Jul/2018:16:14:49 +0900] "GET /WEB/gugudan.do HTTP/1.1" 200 72
127.0.0.1 - - [16/Jul/2018:16:16:23 +0900] "GET / HTTP/1.1" 404 1074
0:0:0:0:0:0:0:1 - - [16/Jul/2018:16:16:23 +0900] "GET /WEB/gugudan.do HTTP/1.1" 200 177
127.0.0.1 - - [16/Jul/2018:16:30:27 +0900] "GET / HTTP/1.1" 404 1074
0:0:0:0:0:0:0:1 - - [16/Jul/2018:16:30:27 +0900] "GET /WEB/WEB-INF/printGuGudan.html HTTP/1.1" 404 1047
127.0.0.1 - - [16/Jul/2018:16:39:18 +0900] "GET / HTTP/1.1" 404 1074
0:0:0:0:0:0:0:1 - - [16/Jul/2018:16:39:18 +0900] "GET /WEB/prtgugudan.do HTTP/1.1" 500 1747
127.0.0.1 - - [16/Jul/2018:16:39:55 +0900] "GET / HTTP/1.1" 404 1074
0:0:0:0:0:0:0:1 - - [16/Jul/2018:16:39:55 +0900] "GET /WEB/prtgugudan.do HTTP/1.1" 200 284
0:0:0:0:0:0:0:1 - - [16/Jul/2018:16:40:01 +0900] "GET /WEB/WEB-INF/printGuGudan.html HTTP/1.1" 404 1047
0:0:0:0:0:0:0:1 - - [16/Jul/2018:16:40:04 +0900] "GET /WEB/WEB-INF/printGuGudan.html HTTP/1.1" 404 1047
127.0.0.1 - - [16/Jul/2018:16:40:57 +0900] "GET / HTTP/1.1" 404 1074
0:0:0:0:0:0:0:1 - - [16/Jul/2018:16:40:57 +0900] "GET /WEB/WEB-INF/printGuGudan.html HTTP/1.1" 404 1047
127.0.0.1 - - [16/Jul/2018:16:48:10 +0900] "GET / HTTP/1.1" 404 1074
0:0:0:0:0:0:0:1 - - [16/Jul/2018:16:48:10 +0900] "GET /WEB/Prtgugudan.do HTTP/1.1" 404 1095
127.0.0.1 - - [16/Jul/2018:16:48:26 +0900] "GET / HTTP/1.1" 404 1074
127.0.0.1 - - [16/Jul/2018:16:49:00 +0900] "GET / HTTP/1.1" 404 1074
0:0:0:0:0:0:0:1 - - [16/Jul/2018:16:49:50 +0900] "GET /WEB/Prtgugudan.do HTTP/1.1" 200 284
0:0:0:0:0:0:0:1 - - [16/Jul/2018:16:50:17 +0900] "GET /WEB/WEB-INF/printGuGudan.html HTTP/1.1" 404 1047
0:0:0:0:0:0:0:1 - - [16/Jul/2018:16:50:52 +0900] "GET /WEB/Hello.html HTTP/1.1" 200 169
0:0:0:0:0:0:0:1 - - [16/Jul/2018:16:51:24 +0900] "GET /WEB/printGuGudan.html HTTP/1.1" 200 252
127.0.0.1 - - [16/Jul/2018:17:01:54 +0900] "GET / HTTP/1.1" 404 1074
0:0:0:0:0:0:0:1 - - [16/Jul/2018:17:01:54 +0900] "GET /WEB/Prtgugudan.do HTTP/1.1" 200 284
0:0:0:0:0:0:0:1 - - [16/Jul/2018:17:02:05 +0900] "GET /WEB/printGuGudan.html HTTP/1.1" 304 -
0:0:0:0:0:0:0:1 - - [16/Jul/2018:17:02:08 +0900] "GET /WEB/PrtGuGuDan.do?dan=5 HTTP/1.1" 404 1095
0:0:0:0:0:0:0:1 - - [16/Jul/2018:17:02:25 +0900] "GET /WEB/PrtGuGuDan.do?dan=3 HTTP/1.1" 404 1095
0:0:0:0:0:0:0:1 - - [16/Jul/2018:17:02:34 +0900] "GET /WEB/PrtGuGuDan.do?dan=7 HTTP/1.1" 404 1095
127.0.0.1 - - [16/Jul/2018:17:03:28 +0900] "GET / HTTP/1.1" 404 1074
0:0:0:0:0:0:0:1 - - [16/Jul/2018:17:03:29 +0900] "GET /WEB/printGuGudan.html HTTP/1.1" 304 -
0:0:0:0:0:0:0:1 - - [16/Jul/2018:17:03:32 +0900] "GET /WEB/PrtGuGuDan.do?dan=3 HTTP/1.1" 200 284
127.0.0.1 - - [16/Jul/2018:17:06:11 +0900] "GET / HTTP/1.1" 404 1074
0:0:0:0:0:0:0:1 - - [16/Jul/2018:17:06:12 +0900] "GET /WEB/PrtGuGuDan.do HTTP/1.1" 500 1567
0:0:0:0:0:0:0:1 - - [16/Jul/2018:17:06:14 +0900] "GET /WEB/printGuGudan.html HTTP/1.1" 304 -
0:0:0:0:0:0:0:1 - - [16/Jul/2018:17:06:18 +0900] "GET /WEB/PrtGuGuDan.do?dan=7 HTTP/1.1" 200 286
0:0:0:0:0:0:0:1 - - [16/Jul/2018:17:14:36 +0900] "GET /WEB/printGuGudan.html HTTP/1.1" 200 267
0:0:0:0:0:0:0:1 - - [16/Jul/2018:17:14:39 +0900] "POST /WEB/PrtGuGuDan.do HTTP/1.1" 405 1117
0:0:0:0:0:0:0:1 - - [16/Jul/2018:17:14:42 +0900] "GET /WEB/printGuGudan.html HTTP/1.1" 304 -
0:0:0:0:0:0:0:1 - - [16/Jul/2018:17:14:46 +0900] "POST /WEB/PrtGuGuDan.do HTTP/1.1" 405 1117
0:0:0:0:0:0:0:1 - - [16/Jul/2018:17:14:56 +0900] "GET /WEB/printGuGudan.html HTTP/1.1" 200 266
0:0:0:0:0:0:0:1 - - [16/Jul/2018:17:14:59 +0900] "GET /WEB/PrtGuGuDan.do?dan=3 HTTP/1.1" 200 284
0:0:0:0:0:0:0:1 - - [16/Jul/2018:17:15:09 +0900] "GET /WEB/printGuGudan.html HTTP/1.1" 200 267
0:0:0:0:0:0:0:1 - - [16/Jul/2018:17:15:12 +0900] "POST /WEB/PrtGuGuDan.do HTTP/1.1" 405 1117
0:0:0:0:0:0:0:1 - - [16/Jul/2018:17:21:59 +0900] "GET /WEB/printGuGudan.html HTTP/1.1" 304 -
0:0:0:0:0:0:0:1 - - [16/Jul/2018:17:22:03 +0900] "POST /WEB/PrtGuGuDan.do HTTP/1.1" 405 1117
127.0.0.1 - - [16/Jul/2018:17:22:39 +0900] "GET / HTTP/1.1" 404 1074
0:0:0:0:0:0:0:1 - - [16/Jul/2018:17:22:42 +0900] "POST /WEB/PrtGuGuDan.do HTTP/1.1" 405 1117
127.0.0.1 - - [16/Jul/2018:17:23:20 +0900] "GET / HTTP/1.1" 404 1074
0:0:0:0:0:0:0:1 - - [16/Jul/2018:17:23:20 +0900] "GET /WEB/printGuGudan.html HTTP/1.1" 304 -
0:0:0:0:0:0:0:1 - - [16/Jul/2018:17:23:23 +0900] "POST /WEB/PrtGuGuDan.do HTTP/1.1" 200 274
127.0.0.1 - - [16/Jul/2018:17:26:59 +0900] "GET / HTTP/1.1" 404 1074
0:0:0:0:0:0:0:1 - - [16/Jul/2018:17:26:59 +0900] "GET /WEB/printGuGudan.html HTTP/1.1" 304 -
0:0:0:0:0:0:0:1 - - [16/Jul/2018:17:27:03 +0900] "POST /WEB/PrtGuGuDan.do HTTP/1.1" 200 276
0:0:0:0:0:0:0:1 - - [16/Jul/2018:17:50:10 +0900] "GET /WEB/Login.html HTTP/1.1" 200 700
127.0.0.1 - - [16/Jul/2018:17:58:58 +0900] "GET / HTTP/1.1" 404 1074
0:0:0:0:0:0:0:1 - - [16/Jul/2018:17:58:58 +0900] "GET /WEB/Login.html HTTP/1.1" 200 702
0:0:0:0:0:0:0:1 - - [16/Jul/2018:17:59:02 +0900] "POST /WEB/Login HTTP/1.1" 404 1087
127.0.0.1 - - [16/Jul/2018:18:09:15 +0900] "GET / HTTP/1.1" 404 1074
0:0:0:0:0:0:0:1 - - [16/Jul/2018:18:09:16 +0900] "GET /WEB/Login.html HTTP/1.1" 304 -
0:0:0:0:0:0:0:1 - - [16/Jul/2018:18:09:21 +0900] "POST /WEB/Login HTTP/1.1" 404 1087
0:0:0:0:0:0:0:1 - - [16/Jul/2018:18:10:03 +0900] "POST /WEB/Login HTTP/1.1" 404 1087
127.0.0.1 - - [16/Jul/2018:18:10:19 +0900] "GET / HTTP/1.1" 404 1074
0:0:0:0:0:0:0:1 - - [16/Jul/2018:18:10:26 +0900] "POST /WEB/Login HTTP/1.1" 404 1087
0:0:0:0:0:0:0:1 - - [16/Jul/2018:18:11:04 +0900] "GET /WEB/Login.html HTTP/1.1" 200 701
0:0:0:0:0:0:0:1 - - [16/Jul/2018:18:11:08 +0900] "GET /WEB/LoginOK?id=asdf&pw=asd HTTP/1.1" 404 1089
127.0.0.1 - - [16/Jul/2018:18:11:20 +0900] "GET / HTTP/1.1" 404 1074
127.0.0.1 - - [16/Jul/2018:18:12:04 +0900] "GET / HTTP/1.1" 404 1074
127.0.0.1 - - [16/Jul/2018:18:13:16 +0900] "GET / HTTP/1.1" 404 1074
0:0:0:0:0:0:0:1 - - [16/Jul/2018:18:13:17 +0900] "GET /WEB/Login.html HTTP/1.1" 200 704
0:0:0:0:0:0:0:1 - - [16/Jul/2018:18:13:22 +0900] "GET /WEB/LoginOK.do?id=asdfa&pw=sfsdfsd HTTP/1.1" 200 117
127.0.0.1 - - [16/Jul/2018:18:15:09 +0900] "GET / HTTP/1.1" 404 1074
0:0:0:0:0:0:0:1 - - [16/Jul/2018:18:15:09 +0900] "GET /WEB/Login.html HTTP/1.1" 200 705
0:0:0:0:0:0:0:1 - - [16/Jul/2018:18:15:13 +0900] "POST /WEB/LoginOK.do HTTP/1.1" 200 111
0:0:0:0:0:0:0:1 - - [16/Jul/2018:18:18:18 +0900] "GET /WEB/menu.html HTTP/1.1" 200 556
0:0:0:0:0:0:0:1 - - [16/Jul/2018:18:18:18 +0900] "GET /favicon.ico HTTP/1.1" 404 1085
