127.0.0.1 - - [16/Aug/2018:10:52:29 +0900] "GET / HTTP/1.1" 404 1074
0:0:0:0:0:0:0:1 - - [16/Aug/2018:10:52:32 +0900] "GET /WEB/jsp12/el01.jsp HTTP/1.1" 200 370
0:0:0:0:0:0:0:1 - - [16/Aug/2018:10:52:32 +0900] "GET /favicon.ico HTTP/1.1" 404 1085
0:0:0:0:0:0:0:1 - - [16/Aug/2018:10:52:48 +0900] "GET /WEB/jsp12/el02.jsp?no= HTTP/1.1" 200 131
0:0:0:0:0:0:0:1 - - [16/Aug/2018:10:52:53 +0900] "GET /WEB/jsp12/el02.jsp?no=%E3%85%81%E3%84%B4%E3%85%87%E3%84%B9 HTTP/1.1" 200 143
0:0:0:0:0:0:0:1 - - [16/Aug/2018:10:53:01 +0900] "GET /WEB/jsp12/el02.jsp?no=%E3%85%81%E3%84%B4%E3%85%87%E3%84%B9 HTTP/1.1" 200 143
0:0:0:0:0:0:0:1 - - [16/Aug/2018:10:55:55 +0900] "GET /WEB/jsp12/el01.jsp HTTP/1.1" 200 370
0:0:0:0:0:0:0:1 - - [16/Aug/2018:10:55:58 +0900] "GET /WEB/jsp12/el02.jsp?no=1 HTTP/1.1" 200 132
0:0:0:0:0:0:0:1 - - [16/Aug/2018:11:00:22 +0900] "GET /WEB/jsp12/el01.jsp HTTP/1.1" 200 370
0:0:0:0:0:0:0:1 - - [16/Aug/2018:11:00:25 +0900] "GET /WEB/jsp12/el02.jsp?no=123 HTTP/1.1" 200 146
0:0:0:0:0:0:0:1 - - [16/Aug/2018:11:04:39 +0900] "GET /WEB/jsp12/el03.jsp HTTP/1.1" 200 167
0:0:0:0:0:0:0:1 - - [16/Aug/2018:11:04:41 +0900] "GET /WEB/jsp12/el04.jsp HTTP/1.1" 200 128
0:0:0:0:0:0:0:1 - - [16/Aug/2018:11:17:29 +0900] "GET /WEB/jsp12/el03.jsp HTTP/1.1" 200 167
0:0:0:0:0:0:0:1 - - [16/Aug/2018:11:17:31 +0900] "GET /WEB/jsp12/el04.jsp HTTP/1.1" 200 184
0:0:0:0:0:0:0:1 - - [16/Aug/2018:11:18:41 +0900] "GET /WEB/jsp12/el04.jsp HTTP/1.1" 200 184
0:0:0:0:0:0:0:1 - - [16/Aug/2018:11:18:44 +0900] "GET /WEB/jsp12/el04.jsp HTTP/1.1" 200 184
0:0:0:0:0:0:0:1 - - [16/Aug/2018:11:18:48 +0900] "GET /WEB/jsp12/el03.jsp HTTP/1.1" 200 167
0:0:0:0:0:0:0:1 - - [16/Aug/2018:11:18:49 +0900] "GET /WEB/jsp12/el04.jsp HTTP/1.1" 200 223
127.0.0.1 - - [16/Aug/2018:11:20:20 +0900] "GET / HTTP/1.1" 404 1074
0:0:0:0:0:0:0:1 - - [16/Aug/2018:11:20:20 +0900] "GET /WEB/jsp12/el03.jsp HTTP/1.1" 200 167
0:0:0:0:0:0:0:1 - - [16/Aug/2018:11:20:22 +0900] "GET /WEB/jsp12/el04.jsp HTTP/1.1" 500 3310
127.0.0.1 - - [16/Aug/2018:11:20:55 +0900] "GET / HTTP/1.1" 404 1074
0:0:0:0:0:0:0:1 - - [16/Aug/2018:11:20:56 +0900] "GET /WEB/jsp12/el03.jsp HTTP/1.1" 200 167
0:0:0:0:0:0:0:1 - - [16/Aug/2018:11:20:58 +0900] "GET /WEB/jsp12/el04.jsp HTTP/1.1" 200 223
127.0.0.1 - - [16/Aug/2018:11:27:59 +0900] "GET / HTTP/1.1" 404 1074
0:0:0:0:0:0:0:1 - - [16/Aug/2018:11:28:00 +0900] "GET /WEB/jsp12/el05.jsp HTTP/1.1" 200 471
0:0:0:0:0:0:0:1 - - [16/Aug/2018:11:28:02 +0900] "GET /WEB/jsp12/el06.jsp?hobby=LOL HTTP/1.1" 200 138
127.0.0.1 - - [16/Aug/2018:11:30:14 +0900] "GET / HTTP/1.1" 404 1074
0:0:0:0:0:0:0:1 - - [16/Aug/2018:11:30:14 +0900] "GET /WEB/jsp12/el05.jsp HTTP/1.1" 200 471
0:0:0:0:0:0:0:1 - - [16/Aug/2018:11:30:17 +0900] "GET /WEB/jsp12/el06.jsp?hobby=%EB%8D%95%EC%A7%88 HTTP/1.1" 200 158
0:0:0:0:0:0:0:1 - - [16/Aug/2018:11:30:19 +0900] "GET /WEB/jsp12/el06.jsp?hobby=%EC%8A%A4%ED%82%A4&hobby=%EB%8D%95%EC%A7%88 HTTP/1.1" 200 175
0:0:0:0:0:0:0:1 - - [16/Aug/2018:11:32:42 +0900] "GET /WEB/jsp12/el06.jsp?hobby=%EC%8A%A4%ED%82%A4&hobby=%EB%8D%95%EC%A7%88 HTTP/1.1" 200 223
0:0:0:0:0:0:0:1 - - [16/Aug/2018:11:32:47 +0900] "GET /WEB/jsp12/el05.jsp HTTP/1.1" 200 471
0:0:0:0:0:0:0:1 - - [16/Aug/2018:11:32:50 +0900] "GET /WEB/jsp12/el06.jsp?hobby=%EC%8A%A4%ED%82%A4 HTTP/1.1" 200 200
0:0:0:0:0:0:0:1 - - [16/Aug/2018:11:32:53 +0900] "GET /WEB/jsp12/el06.jsp?hobby=%EB%82%9A%EC%8B%9C&hobby=%EC%8A%A4%ED%82%A4 HTTP/1.1" 200 223
127.0.0.1 - - [16/Aug/2018:12:20:08 +0900] "GET / HTTP/1.1" 404 1074
0:0:0:0:0:0:0:1 - - [16/Aug/2018:12:20:09 +0900] "GET /WEB/jsp12/jstl01.jsp HTTP/1.1" 200 137
127.0.0.1 - - [16/Aug/2018:12:21:53 +0900] "GET / HTTP/1.1" 404 1074
0:0:0:0:0:0:0:1 - - [16/Aug/2018:12:21:53 +0900] "GET /WEB/jsp12/jstl01.jsp HTTP/1.1" 200 143
127.0.0.1 - - [16/Aug/2018:12:22:41 +0900] "GET / HTTP/1.1" 404 1074
0:0:0:0:0:0:0:1 - - [16/Aug/2018:12:22:42 +0900] "GET /WEB/jsp12/jstl01.jsp HTTP/1.1" 200 158
127.0.0.1 - - [16/Aug/2018:12:26:22 +0900] "GET / HTTP/1.1" 404 1074
0:0:0:0:0:0:0:1 - - [16/Aug/2018:12:26:23 +0900] "GET /WEB/jsp12/jstl01.jsp HTTP/1.1" 500 3959
127.0.0.1 - - [16/Aug/2018:12:56:24 +0900] "GET / HTTP/1.1" 404 1074
0:0:0:0:0:0:0:1 - - [16/Aug/2018:13:06:09 +0900] "GET /WEB/jsp12/jstl01.jsp HTTP/1.1" 200 226
0:0:0:0:0:0:0:1 - - [16/Aug/2018:13:10:22 +0900] "GET /WEB/jsp12/jstl03.jsp HTTP/1.1" 500 3310
127.0.0.1 - - [16/Aug/2018:13:10:38 +0900] "GET / HTTP/1.1" 404 1074
0:0:0:0:0:0:0:1 - - [16/Aug/2018:13:10:39 +0900] "GET /WEB/jsp12/jstl03.jsp HTTP/1.1" 200 300
0:0:0:0:0:0:0:1 - - [16/Aug/2018:13:10:43 +0900] "GET /WEB/jsp12/jstl04.jsp?no1=100&no2=200 HTTP/1.1" 200 150
127.0.0.1 - - [16/Aug/2018:13:11:32 +0900] "GET / HTTP/1.1" 404 1074
0:0:0:0:0:0:0:1 - - [16/Aug/2018:13:11:33 +0900] "GET /WEB/jsp12/jstl03.jsp HTTP/1.1" 200 300
0:0:0:0:0:0:0:1 - - [16/Aug/2018:13:11:37 +0900] "GET /WEB/jsp12/jstl04.jsp?no1=100&no2=200 HTTP/1.1" 500 3129
0:0:0:0:0:0:0:1 - - [16/Aug/2018:13:13:37 +0900] "GET /WEB/jsp12/jstl03.jsp HTTP/1.1" 200 300
0:0:0:0:0:0:0:1 - - [16/Aug/2018:13:13:47 +0900] "GET /WEB/jsp12/jstl04.jsp?no1=100&no2=200 HTTP/1.1" 200 153
127.0.0.1 - - [16/Aug/2018:13:14:43 +0900] "GET / HTTP/1.1" 404 1074
0:0:0:0:0:0:0:1 - - [16/Aug/2018:13:14:43 +0900] "GET /WEB/jsp12/jstl03.jsp HTTP/1.1" 200 300
0:0:0:0:0:0:0:1 - - [16/Aug/2018:13:14:49 +0900] "GET /WEB/jsp12/jstl04.jsp?no1=100&no2=200 HTTP/1.1" 200 168
0:0:0:0:0:0:0:1 - - [16/Aug/2018:13:15:01 +0900] "GET /WEB/jsp12/jstl04.jsp?no1=300&no2=200 HTTP/1.1" 200 134
127.0.0.1 - - [16/Aug/2018:14:47:16 +0900] "GET / HTTP/1.1" 404 1074
0:0:0:0:0:0:0:1 - - [16/Aug/2018:14:47:16 +0900] "GET /WEB/jsp12/jstl05.jsp HTTP/1.1" 500 2766
0:0:0:0:0:0:0:1 - - [16/Aug/2018:14:47:33 +0900] "GET /WEB/jsp12/jstl05.jsp HTTP/1.1" 500 2766
127.0.0.1 - - [16/Aug/2018:14:48:21 +0900] "GET / HTTP/1.1" 404 1074
0:0:0:0:0:0:0:1 - - [16/Aug/2018:14:48:22 +0900] "GET /WEB/jsp12/jstl05.jsp HTTP/1.1" 200 360
127.0.0.1 - - [16/Aug/2018:14:59:17 +0900] "GET / HTTP/1.1" 404 1074
0:0:0:0:0:0:0:1 - - [16/Aug/2018:14:59:17 +0900] "GET /WEB/jsp12/jstl06.jsp HTTP/1.1" 500 3115
0:0:0:0:0:0:0:1 - - [16/Aug/2018:14:59:38 +0900] "GET /WEB/jsp12/jstl06.jsp HTTP/1.1" 200 389
0:0:0:0:0:0:0:1 - - [16/Aug/2018:15:03:21 +0900] "GET /WEB/jsp12/jstl06.jsp HTTP/1.1" 500 3404
0:0:0:0:0:0:0:1 - - [16/Aug/2018:15:03:22 +0900] "GET /WEB/jsp12/jstl06.jsp HTTP/1.1" 200 387
0:0:0:0:0:0:0:1 - - [16/Aug/2018:15:03:23 +0900] "GET /WEB/jsp12/jstl06.jsp HTTP/1.1" 200 387
0:0:0:0:0:0:0:1 - - [16/Aug/2018:15:03:23 +0900] "GET /WEB/jsp12/jstl06.jsp HTTP/1.1" 200 387
0:0:0:0:0:0:0:1 - - [16/Aug/2018:15:03:24 +0900] "GET /WEB/jsp12/jstl06.jsp HTTP/1.1" 200 386
0:0:0:0:0:0:0:1 - - [16/Aug/2018:15:03:24 +0900] "GET /WEB/jsp12/jstl06.jsp HTTP/1.1" 200 388
127.0.0.1 - - [16/Aug/2018:15:03:58 +0900] "GET / HTTP/1.1" 404 1074
0:0:0:0:0:0:0:1 - - [16/Aug/2018:15:03:59 +0900] "GET /WEB/jsp12/jstl06.jsp HTTP/1.1" 500 3404
0:0:0:0:0:0:0:1 - - [16/Aug/2018:15:04:51 +0900] "GET /WEB/jsp12/jstl06.jsp HTTP/1.1" 200 764
0:0:0:0:0:0:0:1 - - [16/Aug/2018:15:08:51 +0900] "GET /WEB/jsp12/jstl06.jsp HTTP/1.1" 500 2839
0:0:0:0:0:0:0:1 - - [16/Aug/2018:15:08:52 +0900] "GET /WEB/jsp12/jstl06.jsp HTTP/1.1" 200 764
0:0:0:0:0:0:0:1 - - [16/Aug/2018:15:08:53 +0900] "GET /WEB/jsp12/jstl06.jsp HTTP/1.1" 200 764
0:0:0:0:0:0:0:1 - - [16/Aug/2018:15:08:53 +0900] "GET /WEB/jsp12/jstl06.jsp HTTP/1.1" 200 764
0:0:0:0:0:0:0:1 - - [16/Aug/2018:15:09:43 +0900] "GET /WEB/jsp12/jstl06.jsp HTTP/1.1" 500 3112
0:0:0:0:0:0:0:1 - - [16/Aug/2018:15:09:43 +0900] "GET /WEB/jsp12/jstl06.jsp HTTP/1.1" 200 764
0:0:0:0:0:0:0:1 - - [16/Aug/2018:15:09:44 +0900] "GET /WEB/jsp12/jstl06.jsp HTTP/1.1" 200 764
0:0:0:0:0:0:0:1 - - [16/Aug/2018:15:09:44 +0900] "GET /WEB/jsp12/jstl06.jsp HTTP/1.1" 200 764
0:0:0:0:0:0:0:1 - - [16/Aug/2018:15:09:55 +0900] "GET /WEB/jsp12/jstl06.jsp HTTP/1.1" 500 3112
0:0:0:0:0:0:0:1 - - [16/Aug/2018:15:09:55 +0900] "GET /WEB/jsp12/jstl06.jsp HTTP/1.1" 200 163
0:0:0:0:0:0:0:1 - - [16/Aug/2018:15:09:56 +0900] "GET /WEB/jsp12/jstl06.jsp HTTP/1.1" 200 163
0:0:0:0:0:0:0:1 - - [16/Aug/2018:15:09:56 +0900] "GET /WEB/jsp12/jstl06.jsp HTTP/1.1" 200 163
0:0:0:0:0:0:0:1 - - [16/Aug/2018:15:10:00 +0900] "GET /WEB/jsp12/jstl06.jsp HTTP/1.1" 500 3112
0:0:0:0:0:0:0:1 - - [16/Aug/2018:15:10:00 +0900] "GET /WEB/jsp12/jstl06.jsp HTTP/1.1" 200 163
0:0:0:0:0:0:0:1 - - [16/Aug/2018:15:10:01 +0900] "GET /WEB/jsp12/jstl06.jsp HTTP/1.1" 200 163
0:0:0:0:0:0:0:1 - - [16/Aug/2018:15:10:01 +0900] "GET /WEB/jsp12/jstl06.jsp HTTP/1.1" 200 163
0:0:0:0:0:0:0:1 - - [16/Aug/2018:15:10:03 +0900] "GET /WEB/jsp12/jstl06.jsp HTTP/1.1" 200 163
0:0:0:0:0:0:0:1 - - [16/Aug/2018:15:10:04 +0900] "GET /WEB/jsp12/jstl06.jsp HTTP/1.1" 500 3112
0:0:0:0:0:0:0:1 - - [16/Aug/2018:15:10:05 +0900] "GET /WEB/jsp12/jstl06.jsp HTTP/1.1" 200 163
0:0:0:0:0:0:0:1 - - [16/Aug/2018:15:10:05 +0900] "GET /WEB/jsp12/jstl06.jsp HTTP/1.1" 200 163
0:0:0:0:0:0:0:1 - - [16/Aug/2018:15:10:06 +0900] "GET /WEB/jsp12/jstl06.jsp HTTP/1.1" 200 163
0:0:0:0:0:0:0:1 - - [16/Aug/2018:15:10:09 +0900] "GET /WEB/jsp12/jstl06.jsp HTTP/1.1" 500 3112
0:0:0:0:0:0:0:1 - - [16/Aug/2018:15:10:10 +0900] "GET /WEB/jsp12/jstl06.jsp HTTP/1.1" 200 163
0:0:0:0:0:0:0:1 - - [16/Aug/2018:15:10:11 +0900] "GET /WEB/jsp12/jstl06.jsp HTTP/1.1" 200 163
127.0.0.1 - - [16/Aug/2018:15:10:26 +0900] "GET / HTTP/1.1" 404 1074
0:0:0:0:0:0:0:1 - - [16/Aug/2018:15:10:26 +0900] "GET /WEB/jsp12/jstl06.jsp HTTP/1.1" 500 3112
0:0:0:0:0:0:0:1 - - [16/Aug/2018:15:10:28 +0900] "GET /WEB/jsp12/jstl06.jsp HTTP/1.1" 500 3217
0:0:0:0:0:0:0:1 - - [16/Aug/2018:15:10:29 +0900] "GET /WEB/jsp12/jstl06.jsp HTTP/1.1" 500 3217
0:0:0:0:0:0:0:1 - - [16/Aug/2018:15:10:29 +0900] "GET /WEB/jsp12/jstl06.jsp HTTP/1.1" 500 3217
0:0:0:0:0:0:0:1 - - [16/Aug/2018:15:10:29 +0900] "GET /WEB/jsp12/jstl06.jsp HTTP/1.1" 500 3217
0:0:0:0:0:0:0:1 - - [16/Aug/2018:15:10:45 +0900] "GET /WEB/jsp12/jstl06.jsp HTTP/1.1" 500 3112
0:0:0:0:0:0:0:1 - - [16/Aug/2018:15:10:46 +0900] "GET /WEB/jsp12/jstl06.jsp HTTP/1.1" 500 3217
0:0:0:0:0:0:0:1 - - [16/Aug/2018:15:10:46 +0900] "GET /WEB/jsp12/jstl06.jsp HTTP/1.1" 500 3217
0:0:0:0:0:0:0:1 - - [16/Aug/2018:15:10:46 +0900] "GET /WEB/jsp12/jstl06.jsp HTTP/1.1" 500 3217
0:0:0:0:0:0:0:1 - - [16/Aug/2018:15:10:47 +0900] "GET /WEB/jsp12/jstl06.jsp HTTP/1.1" 500 3217
0:0:0:0:0:0:0:1 - - [16/Aug/2018:15:10:47 +0900] "GET /WEB/jsp12/jstl06.jsp HTTP/1.1" 500 3217
127.0.0.1 - - [16/Aug/2018:15:11:26 +0900] "GET / HTTP/1.1" 404 1074
0:0:0:0:0:0:0:1 - - [16/Aug/2018:15:11:27 +0900] "GET /WEB/jsp12/jstl06.jsp HTTP/1.1" 500 2638
0:0:0:0:0:0:0:1 - - [16/Aug/2018:15:12:17 +0900] "GET /WEB/jsp12/jstl06.jsp HTTP/1.1" 302 -
0:0:0:0:0:0:0:1 - - [16/Aug/2018:15:12:17 +0900] "GET /WEB/jsp12/jstl07.jsp?aaa=code1&bbb=code2 HTTP/1.1" 200 163
0:0:0:0:0:0:0:1 - - [16/Aug/2018:15:12:25 +0900] "GET /WEB/jsp12/jstl07.jsp?aaa=code1&bbb=code2 HTTP/1.1" 200 163
127.0.0.1 - - [16/Aug/2018:15:12:49 +0900] "GET / HTTP/1.1" 404 1074
0:0:0:0:0:0:0:1 - - [16/Aug/2018:15:12:49 +0900] "GET /WEB/jsp12/jstl06.jsp HTTP/1.1" 302 -
0:0:0:0:0:0:0:1 - - [16/Aug/2018:15:12:49 +0900] "GET /WEB/jsp12/jstl07.jsp?aaa=code1&bbb=code2 HTTP/1.1" 200 163
127.0.0.1 - - [16/Aug/2018:15:18:41 +0900] "GET / HTTP/1.1" 404 1074
0:0:0:0:0:0:0:1 - - [16/Aug/2018:15:18:42 +0900] "GET /WEB/jsp12/hw.jsp HTTP/1.1" 500 3310
0:0:0:0:0:0:0:1 - - [16/Aug/2018:15:19:55 +0900] "GET /WEB/jsp12/hw.jsp HTTP/1.1" 200 441
0:0:0:0:0:0:0:1 - - [16/Aug/2018:15:20:10 +0900] "GET /WEB/jsp12/hw.jsp HTTP/1.1" 200 555
0:0:0:0:0:0:0:1 - - [16/Aug/2018:15:20:17 +0900] "GET /WEB/jsp12/hw.jsp HTTP/1.1" 200 539
127.0.0.1 - - [16/Aug/2018:16:21:12 +0900] "GET / HTTP/1.1" 404 1074
0:0:0:0:0:0:0:1 - - [16/Aug/2018:16:21:13 +0900] "GET /mvc/MyController HTTP/1.1" 200 6
0:0:0:0:0:0:0:1 - - [16/Aug/2018:16:40:22 +0900] "GET /mvc/MyController HTTP/1.1" 200 6
127.0.0.1 - - [16/Aug/2018:16:45:43 +0900] "GET / HTTP/1.1" 404 1074
0:0:0:0:0:0:0:1 - - [16/Aug/2018:16:45:44 +0900] "GET /mvc/MyController HTTP/1.1" 404 1087
127.0.0.1 - - [16/Aug/2018:16:57:28 +0900] "GET / HTTP/1.1" 404 1074
0:0:0:0:0:0:0:1 - - [16/Aug/2018:16:57:29 +0900] "GET /mvc/MyController HTTP/1.1" 200 148
127.0.0.1 - - [16/Aug/2018:16:58:09 +0900] "GET / HTTP/1.1" 404 1074
0:0:0:0:0:0:0:1 - - [16/Aug/2018:16:58:09 +0900] "GET /mvc/MyController HTTP/1.1" 500 1490
0:0:0:0:0:0:0:1 - - [16/Aug/2018:16:58:19 +0900] "GET /mvc/MyController HTTP/1.1" 500 1490
0:0:0:0:0:0:0:1 - - [16/Aug/2018:16:58:19 +0900] "GET /mvc/MyController HTTP/1.1" 500 1490
0:0:0:0:0:0:0:1 - - [16/Aug/2018:16:58:19 +0900] "GET /mvc/MyController HTTP/1.1" 500 1490
0:0:0:0:0:0:0:1 - - [16/Aug/2018:16:58:20 +0900] "GET /mvc/MyController HTTP/1.1" 500 1490
0:0:0:0:0:0:0:1 - - [16/Aug/2018:16:58:31 +0900] "GET /mvc/MyController HTTP/1.1" 200 148
0:0:0:0:0:0:0:1 - - [16/Aug/2018:16:58:31 +0900] "GET /mvc/MyController HTTP/1.1" 200 148
0:0:0:0:0:0:0:1 - - [16/Aug/2018:16:58:32 +0900] "GET /mvc/MyController HTTP/1.1" 200 148
0:0:0:0:0:0:0:1 - - [16/Aug/2018:16:58:32 +0900] "GET /mvc/MyController HTTP/1.1" 200 148
0:0:0:0:0:0:0:1 - - [16/Aug/2018:16:58:32 +0900] "GET /mvc/MyController HTTP/1.1" 200 148
127.0.0.1 - - [16/Aug/2018:17:05:03 +0900] "GET / HTTP/1.1" 404 1074
0:0:0:0:0:0:0:1 - - [16/Aug/2018:17:05:03 +0900] "GET /mvc/MyController HTTP/1.1" 200 148
0:0:0:0:0:0:0:1 - - [16/Aug/2018:17:05:43 +0900] "GET /mvc/MyController HTTP/1.1" 200 148
127.0.0.1 - - [16/Aug/2018:17:05:58 +0900] "GET / HTTP/1.1" 404 1074
0:0:0:0:0:0:0:1 - - [16/Aug/2018:17:05:58 +0900] "GET /mvc/MyController HTTP/1.1" 200 148
127.0.0.1 - - [16/Aug/2018:17:06:48 +0900] "GET / HTTP/1.1" 404 1074
0:0:0:0:0:0:0:1 - - [16/Aug/2018:17:06:49 +0900] "GET /mvc/MyController HTTP/1.1" 200 158
0:0:0:0:0:0:0:1 - - [16/Aug/2018:17:15:28 +0900] "GET /mvc/MyController HTTP/1.1" 200 158
127.0.0.1 - - [16/Aug/2018:17:20:18 +0900] "GET / HTTP/1.1" 404 1074
0:0:0:0:0:0:0:1 - - [16/Aug/2018:17:20:18 +0900] "GET /mvc/MyController HTTP/1.1" 200 158
127.0.0.1 - - [16/Aug/2018:17:24:12 +0900] "GET / HTTP/1.1" 404 1074
0:0:0:0:0:0:0:1 - - [16/Aug/2018:17:24:12 +0900] "GET /mvc/MyController HTTP/1.1" 200 158
0:0:0:0:0:0:0:1 - - [16/Aug/2018:17:24:24 +0900] "GET /mvc/MyController?cmd=ip HTTP/1.1" 404 1088
0:0:0:0:0:0:0:1 - - [16/Aug/2018:17:24:35 +0900] "GET /mvc/MyController?cmd=ip HTTP/1.1" 404 1088
0:0:0:0:0:0:0:1 - - [16/Aug/2018:17:28:17 +0900] "GET /mvc/MyController?cmd=ip HTTP/1.1" 200 179
127.0.0.1 - - [16/Aug/2018:17:42:33 +0900] "GET / HTTP/1.1" 404 1074
0:0:0:0:0:0:0:1 - - [16/Aug/2018:17:42:34 +0900] "GET /mvc/mycon.do HTTP/1.1" 200 153
0:0:0:0:0:0:0:1 - - [16/Aug/2018:17:42:47 +0900] "GET /mvc/mycon.do?cmd=kr HTTP/1.1" 200 153
0:0:0:0:0:0:0:1 - - [16/Aug/2018:17:42:52 +0900] "GET /mvc/mycon.do?cmd=cn HTTP/1.1" 200 147
0:0:0:0:0:0:0:1 - - [16/Aug/2018:17:48:31 +0900] "GET /mvc/mycon.do?cmd=cns HTTP/1.1" 404 1093
0:0:0:0:0:0:0:1 - - [16/Aug/2018:17:48:37 +0900] "GET /mvc/mycon.do?cmd=jp HTTP/1.1" 200 150
